Archive member included to satisfy reference by file (symbol)

/usr/lib/gcc/arm-none-eabi/14.2.1/../../../arm-none-eabi/lib/thumb/v7e-m+fp/hard/libc.a(libc_a-init.o)
                              CMakeFiles/yet_another_bms_firmware.elf.dir/lib/cmsis-f4/Source/Templates/gcc/startup_stm32f411xe.s.obj (__libc_init_array)

Discarded input sections

 .text          0x00000000        0x0 CMakeFiles/yet_another_bms_firmware.elf.dir/src/main.c.obj
 .data          0x00000000        0x0 CMakeFiles/yet_another_bms_firmware.elf.dir/src/main.c.obj
 .bss           0x00000000        0x0 CMakeFiles/yet_another_bms_firmware.elf.dir/src/main.c.obj
 .text.SysTic_Handler
                0x00000000       0x1c CMakeFiles/yet_another_bms_firmware.elf.dir/src/main.c.obj
 .text          0x00000000        0x0 CMakeFiles/yet_another_bms_firmware.elf.dir/src/noinit.c.obj
 .data          0x00000000        0x0 CMakeFiles/yet_another_bms_firmware.elf.dir/src/noinit.c.obj
 .bss           0x00000000        0x0 CMakeFiles/yet_another_bms_firmware.elf.dir/src/noinit.c.obj
 .text          0x00000000        0x0 CMakeFiles/yet_another_bms_firmware.elf.dir/src/system_stm32f4xx.c.obj
 .data          0x00000000        0x0 CMakeFiles/yet_another_bms_firmware.elf.dir/src/system_stm32f4xx.c.obj
 .bss           0x00000000        0x0 CMakeFiles/yet_another_bms_firmware.elf.dir/src/system_stm32f4xx.c.obj
 .rodata.AHBPrescTable
                0x00000000       0x10 CMakeFiles/yet_another_bms_firmware.elf.dir/src/system_stm32f4xx.c.obj
 .rodata.APBPrescTable
                0x00000000        0x8 CMakeFiles/yet_another_bms_firmware.elf.dir/src/system_stm32f4xx.c.obj
 .text.SystemCoreClockUpdate
                0x00000000       0xec CMakeFiles/yet_another_bms_firmware.elf.dir/src/system_stm32f4xx.c.obj
 .text          0x00000000       0x14 CMakeFiles/yet_another_bms_firmware.elf.dir/lib/cmsis-f4/Source/Templates/gcc/startup_stm32f411xe.s.obj
 .data          0x00000000        0x0 CMakeFiles/yet_another_bms_firmware.elf.dir/lib/cmsis-f4/Source/Templates/gcc/startup_stm32f411xe.s.obj
 .bss           0x00000000        0x0 CMakeFiles/yet_another_bms_firmware.elf.dir/lib/cmsis-f4/Source/Templates/gcc/startup_stm32f411xe.s.obj
 .text          0x00000000        0x0 CMakeFiles/yet_another_bms_firmware.elf.dir/lib/stm32f4-hal/Src/stm32f4xx_ll_gpio.c.obj
 .data          0x00000000        0x0 CMakeFiles/yet_another_bms_firmware.elf.dir/lib/stm32f4-hal/Src/stm32f4xx_ll_gpio.c.obj
 .bss           0x00000000        0x0 CMakeFiles/yet_another_bms_firmware.elf.dir/lib/stm32f4-hal/Src/stm32f4xx_ll_gpio.c.obj
 .text.LL_GPIO_SetPinMode
                0x00000000       0x7a CMakeFiles/yet_another_bms_firmware.elf.dir/lib/stm32f4-hal/Src/stm32f4xx_ll_gpio.c.obj
 .text.LL_GPIO_SetPinOutputType
                0x00000000       0x30 CMakeFiles/yet_another_bms_firmware.elf.dir/lib/stm32f4-hal/Src/stm32f4xx_ll_gpio.c.obj
 .text.LL_GPIO_SetPinSpeed
                0x00000000       0x7a CMakeFiles/yet_another_bms_firmware.elf.dir/lib/stm32f4-hal/Src/stm32f4xx_ll_gpio.c.obj
 .text.LL_GPIO_SetPinPull
                0x00000000       0x7a CMakeFiles/yet_another_bms_firmware.elf.dir/lib/stm32f4-hal/Src/stm32f4xx_ll_gpio.c.obj
 .text.LL_GPIO_SetAFPin_0_7
                0x00000000       0x7a CMakeFiles/yet_another_bms_firmware.elf.dir/lib/stm32f4-hal/Src/stm32f4xx_ll_gpio.c.obj
 .text.LL_GPIO_SetAFPin_8_15
                0x00000000       0x7e CMakeFiles/yet_another_bms_firmware.elf.dir/lib/stm32f4-hal/Src/stm32f4xx_ll_gpio.c.obj
 .text.LL_AHB1_GRP1_ForceReset
                0x00000000       0x24 CMakeFiles/yet_another_bms_firmware.elf.dir/lib/stm32f4-hal/Src/stm32f4xx_ll_gpio.c.obj
 .text.LL_AHB1_GRP1_ReleaseReset
                0x00000000       0x28 CMakeFiles/yet_another_bms_firmware.elf.dir/lib/stm32f4-hal/Src/stm32f4xx_ll_gpio.c.obj
 .text.LL_GPIO_DeInit
                0x00000000       0xb8 CMakeFiles/yet_another_bms_firmware.elf.dir/lib/stm32f4-hal/Src/stm32f4xx_ll_gpio.c.obj
 .text.LL_GPIO_Init
                0x00000000      0x102 CMakeFiles/yet_another_bms_firmware.elf.dir/lib/stm32f4-hal/Src/stm32f4xx_ll_gpio.c.obj
 .text.LL_GPIO_StructInit
                0x00000000       0x3a CMakeFiles/yet_another_bms_firmware.elf.dir/lib/stm32f4-hal/Src/stm32f4xx_ll_gpio.c.obj
 .debug_info    0x00000000      0x92e CMakeFiles/yet_another_bms_firmware.elf.dir/lib/stm32f4-hal/Src/stm32f4xx_ll_gpio.c.obj
 .debug_abbrev  0x00000000      0x234 CMakeFiles/yet_another_bms_firmware.elf.dir/lib/stm32f4-hal/Src/stm32f4xx_ll_gpio.c.obj
 .debug_aranges
                0x00000000       0x70 CMakeFiles/yet_another_bms_firmware.elf.dir/lib/stm32f4-hal/Src/stm32f4xx_ll_gpio.c.obj
 .debug_rnglists
                0x00000000       0x51 CMakeFiles/yet_another_bms_firmware.elf.dir/lib/stm32f4-hal/Src/stm32f4xx_ll_gpio.c.obj
 .debug_line    0x00000000      0x5ca CMakeFiles/yet_another_bms_firmware.elf.dir/lib/stm32f4-hal/Src/stm32f4xx_ll_gpio.c.obj
 .debug_str     0x00000000      0x4d5 CMakeFiles/yet_another_bms_firmware.elf.dir/lib/stm32f4-hal/Src/stm32f4xx_ll_gpio.c.obj
 .comment       0x00000000       0x27 CMakeFiles/yet_another_bms_firmware.elf.dir/lib/stm32f4-hal/Src/stm32f4xx_ll_gpio.c.obj
 .debug_frame   0x00000000      0x1c0 CMakeFiles/yet_another_bms_firmware.elf.dir/lib/stm32f4-hal/Src/stm32f4xx_ll_gpio.c.obj
 .ARM.attributes
                0x00000000       0x34 CMakeFiles/yet_another_bms_firmware.elf.dir/lib/stm32f4-hal/Src/stm32f4xx_ll_gpio.c.obj
 .text          0x00000000        0x0 CMakeFiles/yet_another_bms_firmware.elf.dir/lib/stm32f4-hal/Src/stm32f4xx_ll_rcc.c.obj
 .data          0x00000000        0x0 CMakeFiles/yet_another_bms_firmware.elf.dir/lib/stm32f4-hal/Src/stm32f4xx_ll_rcc.c.obj
 .bss           0x00000000        0x0 CMakeFiles/yet_another_bms_firmware.elf.dir/lib/stm32f4-hal/Src/stm32f4xx_ll_rcc.c.obj
 .text.LL_RCC_HSI_Enable
                0x00000000       0x20 CMakeFiles/yet_another_bms_firmware.elf.dir/lib/stm32f4-hal/Src/stm32f4xx_ll_rcc.c.obj
 .text.LL_RCC_HSI_IsReady
                0x00000000       0x24 CMakeFiles/yet_another_bms_firmware.elf.dir/lib/stm32f4-hal/Src/stm32f4xx_ll_rcc.c.obj
 .text.LL_RCC_HSI_SetCalibTrimming
                0x00000000       0x2c CMakeFiles/yet_another_bms_firmware.elf.dir/lib/stm32f4-hal/Src/stm32f4xx_ll_rcc.c.obj
 .text.LL_RCC_GetSysClkSource
                0x00000000       0x1c CMakeFiles/yet_another_bms_firmware.elf.dir/lib/stm32f4-hal/Src/stm32f4xx_ll_rcc.c.obj
 .text.LL_RCC_GetAHBPrescaler
                0x00000000       0x1c CMakeFiles/yet_another_bms_firmware.elf.dir/lib/stm32f4-hal/Src/stm32f4xx_ll_rcc.c.obj
 .text.LL_RCC_GetAPB1Prescaler
                0x00000000       0x1c CMakeFiles/yet_another_bms_firmware.elf.dir/lib/stm32f4-hal/Src/stm32f4xx_ll_rcc.c.obj
 .text.LL_RCC_GetAPB2Prescaler
                0x00000000       0x1c CMakeFiles/yet_another_bms_firmware.elf.dir/lib/stm32f4-hal/Src/stm32f4xx_ll_rcc.c.obj
 .text.LL_RCC_GetI2SClockSource
                0x00000000       0x20 CMakeFiles/yet_another_bms_firmware.elf.dir/lib/stm32f4-hal/Src/stm32f4xx_ll_rcc.c.obj
 .text.LL_RCC_PLL_IsReady
                0x00000000       0x28 CMakeFiles/yet_another_bms_firmware.elf.dir/lib/stm32f4-hal/Src/stm32f4xx_ll_rcc.c.obj
 .text.LL_RCC_PLL_GetMainSource
                0x00000000       0x1c CMakeFiles/yet_another_bms_firmware.elf.dir/lib/stm32f4-hal/Src/stm32f4xx_ll_rcc.c.obj
 .text.LL_RCC_PLL_GetN
                0x00000000       0x1c CMakeFiles/yet_another_bms_firmware.elf.dir/lib/stm32f4-hal/Src/stm32f4xx_ll_rcc.c.obj
 .text.LL_RCC_PLL_GetP
                0x00000000       0x1c CMakeFiles/yet_another_bms_firmware.elf.dir/lib/stm32f4-hal/Src/stm32f4xx_ll_rcc.c.obj
 .text.LL_RCC_PLL_GetQ
                0x00000000       0x1c CMakeFiles/yet_another_bms_firmware.elf.dir/lib/stm32f4-hal/Src/stm32f4xx_ll_rcc.c.obj
 .text.LL_RCC_PLL_GetDivider
                0x00000000       0x1c CMakeFiles/yet_another_bms_firmware.elf.dir/lib/stm32f4-hal/Src/stm32f4xx_ll_rcc.c.obj
 .text.LL_RCC_PLLI2S_IsReady
                0x00000000       0x28 CMakeFiles/yet_another_bms_firmware.elf.dir/lib/stm32f4-hal/Src/stm32f4xx_ll_rcc.c.obj
 .text.LL_RCC_PLLI2S_GetN
                0x00000000       0x20 CMakeFiles/yet_another_bms_firmware.elf.dir/lib/stm32f4-hal/Src/stm32f4xx_ll_rcc.c.obj
 .text.LL_RCC_PLLI2S_GetR
                0x00000000       0x1c CMakeFiles/yet_another_bms_firmware.elf.dir/lib/stm32f4-hal/Src/stm32f4xx_ll_rcc.c.obj
 .text.LL_RCC_PLLI2S_GetDivider
                0x00000000       0x1c CMakeFiles/yet_another_bms_firmware.elf.dir/lib/stm32f4-hal/Src/stm32f4xx_ll_rcc.c.obj
 .text.LL_RCC_PLLI2S_GetMainSource
                0x00000000       0x1c CMakeFiles/yet_another_bms_firmware.elf.dir/lib/stm32f4-hal/Src/stm32f4xx_ll_rcc.c.obj
 .text.LL_RCC_DeInit
                0x00000000       0xbc CMakeFiles/yet_another_bms_firmware.elf.dir/lib/stm32f4-hal/Src/stm32f4xx_ll_rcc.c.obj
 .text.LL_RCC_GetSystemClocksFreq
                0x00000000       0x4a CMakeFiles/yet_another_bms_firmware.elf.dir/lib/stm32f4-hal/Src/stm32f4xx_ll_rcc.c.obj
 .text.LL_RCC_GetI2SClockFreq
                0x00000000       0x48 CMakeFiles/yet_another_bms_firmware.elf.dir/lib/stm32f4-hal/Src/stm32f4xx_ll_rcc.c.obj
 .text.LL_RCC_GetSDIOClockFreq
                0x00000000       0x2e CMakeFiles/yet_another_bms_firmware.elf.dir/lib/stm32f4-hal/Src/stm32f4xx_ll_rcc.c.obj
 .text.LL_RCC_GetUSBClockFreq
                0x00000000       0x26 CMakeFiles/yet_another_bms_firmware.elf.dir/lib/stm32f4-hal/Src/stm32f4xx_ll_rcc.c.obj
 .text.RCC_GetSystemClockFreq
                0x00000000       0x50 CMakeFiles/yet_another_bms_firmware.elf.dir/lib/stm32f4-hal/Src/stm32f4xx_ll_rcc.c.obj
 .text.RCC_GetHCLKClockFreq
                0x00000000       0x2c CMakeFiles/yet_another_bms_firmware.elf.dir/lib/stm32f4-hal/Src/stm32f4xx_ll_rcc.c.obj
 .text.RCC_GetPCLK1ClockFreq
                0x00000000       0x28 CMakeFiles/yet_another_bms_firmware.elf.dir/lib/stm32f4-hal/Src/stm32f4xx_ll_rcc.c.obj
 .text.RCC_GetPCLK2ClockFreq
                0x00000000       0x28 CMakeFiles/yet_another_bms_firmware.elf.dir/lib/stm32f4-hal/Src/stm32f4xx_ll_rcc.c.obj
 .text.RCC_PLL_GetFreqDomain_SYS
                0x00000000       0x7c CMakeFiles/yet_another_bms_firmware.elf.dir/lib/stm32f4-hal/Src/stm32f4xx_ll_rcc.c.obj
 .text.RCC_PLL_GetFreqDomain_48M
                0x00000000       0x68 CMakeFiles/yet_another_bms_firmware.elf.dir/lib/stm32f4-hal/Src/stm32f4xx_ll_rcc.c.obj
 .text.RCC_PLLI2S_GetFreqDomain_I2S
                0x00000000       0x64 CMakeFiles/yet_another_bms_firmware.elf.dir/lib/stm32f4-hal/Src/stm32f4xx_ll_rcc.c.obj
 .debug_info    0x00000000      0x718 CMakeFiles/yet_another_bms_firmware.elf.dir/lib/stm32f4-hal/Src/stm32f4xx_ll_rcc.c.obj
 .debug_abbrev  0x00000000      0x1eb CMakeFiles/yet_another_bms_firmware.elf.dir/lib/stm32f4-hal/Src/stm32f4xx_ll_rcc.c.obj
 .debug_aranges
                0x00000000      0x110 CMakeFiles/yet_another_bms_firmware.elf.dir/lib/stm32f4-hal/Src/stm32f4xx_ll_rcc.c.obj
 .debug_rnglists
                0x00000000       0xc8 CMakeFiles/yet_another_bms_firmware.elf.dir/lib/stm32f4-hal/Src/stm32f4xx_ll_rcc.c.obj
 .debug_line    0x00000000      0x69b CMakeFiles/yet_another_bms_firmware.elf.dir/lib/stm32f4-hal/Src/stm32f4xx_ll_rcc.c.obj
 .debug_str     0x00000000      0x72b CMakeFiles/yet_another_bms_firmware.elf.dir/lib/stm32f4-hal/Src/stm32f4xx_ll_rcc.c.obj
 .comment       0x00000000       0x27 CMakeFiles/yet_another_bms_firmware.elf.dir/lib/stm32f4-hal/Src/stm32f4xx_ll_rcc.c.obj
 .debug_frame   0x00000000      0x43c CMakeFiles/yet_another_bms_firmware.elf.dir/lib/stm32f4-hal/Src/stm32f4xx_ll_rcc.c.obj
 .ARM.attributes
                0x00000000       0x34 CMakeFiles/yet_another_bms_firmware.elf.dir/lib/stm32f4-hal/Src/stm32f4xx_ll_rcc.c.obj
 .text          0x00000000        0x0 CMakeFiles/yet_another_bms_firmware.elf.dir/lib/stm32f4-hal/Src/stm32f4xx_ll_utils.c.obj
 .data          0x00000000        0x0 CMakeFiles/yet_another_bms_firmware.elf.dir/lib/stm32f4-hal/Src/stm32f4xx_ll_utils.c.obj
 .bss           0x00000000        0x0 CMakeFiles/yet_another_bms_firmware.elf.dir/lib/stm32f4-hal/Src/stm32f4xx_ll_utils.c.obj
 .text.LL_InitTick
                0x00000000       0x34 CMakeFiles/yet_another_bms_firmware.elf.dir/lib/stm32f4-hal/Src/stm32f4xx_ll_utils.c.obj
 .text.LL_RCC_HSE_EnableBypass
                0x00000000       0x20 CMakeFiles/yet_another_bms_firmware.elf.dir/lib/stm32f4-hal/Src/stm32f4xx_ll_utils.c.obj
 .text.LL_RCC_HSE_DisableBypass
                0x00000000       0x20 CMakeFiles/yet_another_bms_firmware.elf.dir/lib/stm32f4-hal/Src/stm32f4xx_ll_utils.c.obj
 .text.LL_RCC_HSE_Enable
                0x00000000       0x20 CMakeFiles/yet_another_bms_firmware.elf.dir/lib/stm32f4-hal/Src/stm32f4xx_ll_utils.c.obj
 .text.LL_RCC_HSE_IsReady
                0x00000000       0x28 CMakeFiles/yet_another_bms_firmware.elf.dir/lib/stm32f4-hal/Src/stm32f4xx_ll_utils.c.obj
 .text.LL_RCC_HSI_Enable
                0x00000000       0x20 CMakeFiles/yet_another_bms_firmware.elf.dir/lib/stm32f4-hal/Src/stm32f4xx_ll_utils.c.obj
 .text.LL_RCC_HSI_IsReady
                0x00000000       0x24 CMakeFiles/yet_another_bms_firmware.elf.dir/lib/stm32f4-hal/Src/stm32f4xx_ll_utils.c.obj
 .text.LL_RCC_SetSysClkSource
                0x00000000       0x28 CMakeFiles/yet_another_bms_firmware.elf.dir/lib/stm32f4-hal/Src/stm32f4xx_ll_utils.c.obj
 .text.LL_RCC_GetSysClkSource
                0x00000000       0x1c CMakeFiles/yet_another_bms_firmware.elf.dir/lib/stm32f4-hal/Src/stm32f4xx_ll_utils.c.obj
 .text.LL_RCC_SetAHBPrescaler
                0x00000000       0x28 CMakeFiles/yet_another_bms_firmware.elf.dir/lib/stm32f4-hal/Src/stm32f4xx_ll_utils.c.obj
 .text.LL_RCC_SetAPB1Prescaler
                0x00000000       0x28 CMakeFiles/yet_another_bms_firmware.elf.dir/lib/stm32f4-hal/Src/stm32f4xx_ll_utils.c.obj
 .text.LL_RCC_SetAPB2Prescaler
                0x00000000       0x28 CMakeFiles/yet_another_bms_firmware.elf.dir/lib/stm32f4-hal/Src/stm32f4xx_ll_utils.c.obj
 .text.LL_RCC_PLL_Enable
                0x00000000       0x20 CMakeFiles/yet_another_bms_firmware.elf.dir/lib/stm32f4-hal/Src/stm32f4xx_ll_utils.c.obj
 .text.LL_RCC_PLL_IsReady
                0x00000000       0x28 CMakeFiles/yet_another_bms_firmware.elf.dir/lib/stm32f4-hal/Src/stm32f4xx_ll_utils.c.obj
 .text.LL_RCC_PLL_ConfigDomain_SYS
                0x00000000       0x4c CMakeFiles/yet_another_bms_firmware.elf.dir/lib/stm32f4-hal/Src/stm32f4xx_ll_utils.c.obj
 .text.LL_RCC_PLLI2S_IsReady
                0x00000000       0x28 CMakeFiles/yet_another_bms_firmware.elf.dir/lib/stm32f4-hal/Src/stm32f4xx_ll_utils.c.obj
 .text.LL_FLASH_SetLatency
                0x00000000       0x28 CMakeFiles/yet_another_bms_firmware.elf.dir/lib/stm32f4-hal/Src/stm32f4xx_ll_utils.c.obj
 .text.LL_FLASH_GetLatency
                0x00000000       0x1c CMakeFiles/yet_another_bms_firmware.elf.dir/lib/stm32f4-hal/Src/stm32f4xx_ll_utils.c.obj
 .text.LL_PWR_GetRegulVoltageScaling
                0x00000000       0x1c CMakeFiles/yet_another_bms_firmware.elf.dir/lib/stm32f4-hal/Src/stm32f4xx_ll_utils.c.obj
 .text.LL_Init1msTick
                0x00000000       0x1a CMakeFiles/yet_another_bms_firmware.elf.dir/lib/stm32f4-hal/Src/stm32f4xx_ll_utils.c.obj
 .text.LL_mDelay
                0x00000000       0x4c CMakeFiles/yet_another_bms_firmware.elf.dir/lib/stm32f4-hal/Src/stm32f4xx_ll_utils.c.obj
 .text.LL_SetSystemCoreClock
                0x00000000       0x20 CMakeFiles/yet_another_bms_firmware.elf.dir/lib/stm32f4-hal/Src/stm32f4xx_ll_utils.c.obj
 .text.LL_SetFlashLatency
                0x00000000      0x110 CMakeFiles/yet_another_bms_firmware.elf.dir/lib/stm32f4-hal/Src/stm32f4xx_ll_utils.c.obj
 .text.LL_PLL_ConfigSystemClock_HSI
                0x00000000       0x74 CMakeFiles/yet_another_bms_firmware.elf.dir/lib/stm32f4-hal/Src/stm32f4xx_ll_utils.c.obj
 .text.LL_PLL_ConfigSystemClock_HSE
                0x00000000       0x84 CMakeFiles/yet_another_bms_firmware.elf.dir/lib/stm32f4-hal/Src/stm32f4xx_ll_utils.c.obj
 .text.UTILS_GetPLLOutputFrequency
                0x00000000       0x4e CMakeFiles/yet_another_bms_firmware.elf.dir/lib/stm32f4-hal/Src/stm32f4xx_ll_utils.c.obj
 .text.UTILS_PLL_IsBusy
                0x00000000       0x30 CMakeFiles/yet_another_bms_firmware.elf.dir/lib/stm32f4-hal/Src/stm32f4xx_ll_utils.c.obj
 .text.UTILS_EnablePLLAndSwitchSystem
                0x00000000       0xb4 CMakeFiles/yet_another_bms_firmware.elf.dir/lib/stm32f4-hal/Src/stm32f4xx_ll_utils.c.obj
 .debug_info    0x00000000      0x90c CMakeFiles/yet_another_bms_firmware.elf.dir/lib/stm32f4-hal/Src/stm32f4xx_ll_utils.c.obj
 .debug_abbrev  0x00000000      0x230 CMakeFiles/yet_another_bms_firmware.elf.dir/lib/stm32f4-hal/Src/stm32f4xx_ll_utils.c.obj
 .debug_aranges
                0x00000000       0xf8 CMakeFiles/yet_another_bms_firmware.elf.dir/lib/stm32f4-hal/Src/stm32f4xx_ll_utils.c.obj
 .debug_rnglists
                0x00000000       0xb8 CMakeFiles/yet_another_bms_firmware.elf.dir/lib/stm32f4-hal/Src/stm32f4xx_ll_utils.c.obj
 .debug_line    0x00000000      0x73f CMakeFiles/yet_another_bms_firmware.elf.dir/lib/stm32f4-hal/Src/stm32f4xx_ll_utils.c.obj
 .debug_str     0x00000000      0x753 CMakeFiles/yet_another_bms_firmware.elf.dir/lib/stm32f4-hal/Src/stm32f4xx_ll_utils.c.obj
 .comment       0x00000000       0x27 CMakeFiles/yet_another_bms_firmware.elf.dir/lib/stm32f4-hal/Src/stm32f4xx_ll_utils.c.obj
 .debug_frame   0x00000000      0x3f8 CMakeFiles/yet_another_bms_firmware.elf.dir/lib/stm32f4-hal/Src/stm32f4xx_ll_utils.c.obj
 .ARM.attributes
                0x00000000       0x34 CMakeFiles/yet_another_bms_firmware.elf.dir/lib/stm32f4-hal/Src/stm32f4xx_ll_utils.c.obj
 .data          0x00000000        0x0 /usr/lib/gcc/arm-none-eabi/14.2.1/../../../arm-none-eabi/lib/thumb/v7e-m+fp/hard/libc.a(libc_a-init.o)
 .bss           0x00000000        0x0 /usr/lib/gcc/arm-none-eabi/14.2.1/../../../arm-none-eabi/lib/thumb/v7e-m+fp/hard/libc.a(libc_a-init.o)
 .debug_info    0x00000000      0x10b /usr/lib/gcc/arm-none-eabi/14.2.1/../../../arm-none-eabi/lib/thumb/v7e-m+fp/hard/libc.a(libc_a-init.o)
 .debug_abbrev  0x00000000       0xc9 /usr/lib/gcc/arm-none-eabi/14.2.1/../../../arm-none-eabi/lib/thumb/v7e-m+fp/hard/libc.a(libc_a-init.o)
 .debug_loclists
                0x00000000       0x65 /usr/lib/gcc/arm-none-eabi/14.2.1/../../../arm-none-eabi/lib/thumb/v7e-m+fp/hard/libc.a(libc_a-init.o)
 .debug_aranges
                0x00000000       0x20 /usr/lib/gcc/arm-none-eabi/14.2.1/../../../arm-none-eabi/lib/thumb/v7e-m+fp/hard/libc.a(libc_a-init.o)
 .debug_line    0x00000000      0x11e /usr/lib/gcc/arm-none-eabi/14.2.1/../../../arm-none-eabi/lib/thumb/v7e-m+fp/hard/libc.a(libc_a-init.o)
 .debug_str     0x00000000      0x1f9 /usr/lib/gcc/arm-none-eabi/14.2.1/../../../arm-none-eabi/lib/thumb/v7e-m+fp/hard/libc.a(libc_a-init.o)
 .comment       0x00000000       0x27 /usr/lib/gcc/arm-none-eabi/14.2.1/../../../arm-none-eabi/lib/thumb/v7e-m+fp/hard/libc.a(libc_a-init.o)
 .debug_frame   0x00000000       0x2c /usr/lib/gcc/arm-none-eabi/14.2.1/../../../arm-none-eabi/lib/thumb/v7e-m+fp/hard/libc.a(libc_a-init.o)
 .ARM.attributes
                0x00000000       0x34 /usr/lib/gcc/arm-none-eabi/14.2.1/../../../arm-none-eabi/lib/thumb/v7e-m+fp/hard/libc.a(libc_a-init.o)

Memory Configuration

Name             Origin             Length             Attributes
RAM              0x20000000         0x00020000         xrw
ROM              0x08000000         0x00080000         xr
*default*        0x00000000         0xffffffff

Linker script and memory map

LOAD CMakeFiles/yet_another_bms_firmware.elf.dir/src/main.c.obj
LOAD CMakeFiles/yet_another_bms_firmware.elf.dir/src/noinit.c.obj
LOAD CMakeFiles/yet_another_bms_firmware.elf.dir/src/system_stm32f4xx.c.obj
LOAD CMakeFiles/yet_another_bms_firmware.elf.dir/lib/cmsis-f4/Source/Templates/gcc/startup_stm32f411xe.s.obj
LOAD CMakeFiles/yet_another_bms_firmware.elf.dir/lib/stm32f4-hal/Src/stm32f4xx_ll_gpio.c.obj
LOAD CMakeFiles/yet_another_bms_firmware.elf.dir/lib/stm32f4-hal/Src/stm32f4xx_ll_rcc.c.obj
LOAD CMakeFiles/yet_another_bms_firmware.elf.dir/lib/stm32f4-hal/Src/stm32f4xx_ll_utils.c.obj
                0x20020000                        _estack = (ORIGIN (RAM) + LENGTH (RAM))
                0x00000200                        _Min_Heap_Size = 0x200
                0x00000400                        _Min_Stack_Size = 0x400

.isr_vector     0x08000000      0x198
                0x08000000                        . = ALIGN (0x4)
 *(.isr_vector)
 .isr_vector    0x08000000      0x198 CMakeFiles/yet_another_bms_firmware.elf.dir/lib/cmsis-f4/Source/Templates/gcc/startup_stm32f411xe.s.obj
                0x08000000                g_pfnVectors
                0x08000198                        . = ALIGN (0x4)

.text           0x08000198      0x418
                0x08000198                        . = ALIGN (0x4)
 *(.text)
 .text          0x08000198       0x50 /usr/lib/gcc/arm-none-eabi/14.2.1/../../../arm-none-eabi/lib/thumb/v7e-m+fp/hard/libc.a(libc_a-init.o)
                0x08000198                __libc_init_array
 *(.text*)
 .text.__NVIC_SetPriority
                0x080001e8       0x54 CMakeFiles/yet_another_bms_firmware.elf.dir/src/main.c.obj
 .text.SysTick_Config
                0x0800023c       0x44 CMakeFiles/yet_another_bms_firmware.elf.dir/src/main.c.obj
 .text.LL_AHB1_GRP1_EnableClock
                0x08000280       0x30 CMakeFiles/yet_another_bms_firmware.elf.dir/src/main.c.obj
 .text.LL_GPIO_SetPinMode
                0x080002b0       0x7a CMakeFiles/yet_another_bms_firmware.elf.dir/src/main.c.obj
 .text.LL_GPIO_SetPinOutputType
                0x0800032a       0x30 CMakeFiles/yet_another_bms_firmware.elf.dir/src/main.c.obj
 .text.LL_GPIO_SetPinSpeed
                0x0800035a       0x7a CMakeFiles/yet_another_bms_firmware.elf.dir/src/main.c.obj
 .text.LL_GPIO_SetPinPull
                0x080003d4       0x7a CMakeFiles/yet_another_bms_firmware.elf.dir/src/main.c.obj
 .text.LL_GPIO_TogglePin
                0x0800044e       0x32 CMakeFiles/yet_another_bms_firmware.elf.dir/src/main.c.obj
 .text.delay_ms
                0x08000480       0x34 CMakeFiles/yet_another_bms_firmware.elf.dir/src/main.c.obj
 .text.main     0x080004b4       0x68 CMakeFiles/yet_another_bms_firmware.elf.dir/src/main.c.obj
                0x080004b4                main
 .text._init    0x0800051c        0xe CMakeFiles/yet_another_bms_firmware.elf.dir/src/noinit.c.obj
                0x0800051c                _init
 .text._fini    0x0800052a        0xe CMakeFiles/yet_another_bms_firmware.elf.dir/src/noinit.c.obj
                0x0800052a                _fini
 .text.SystemInit
                0x08000538       0x24 CMakeFiles/yet_another_bms_firmware.elf.dir/src/system_stm32f4xx.c.obj
                0x08000538                SystemInit
 .text.Reset_Handler
                0x0800055c       0x50 CMakeFiles/yet_another_bms_firmware.elf.dir/lib/cmsis-f4/Source/Templates/gcc/startup_stm32f411xe.s.obj
                0x0800055c                Reset_Handler
 .text.Default_Handler
                0x080005ac        0x2 CMakeFiles/yet_another_bms_firmware.elf.dir/lib/cmsis-f4/Source/Templates/gcc/startup_stm32f411xe.s.obj
                0x080005ac                RTC_Alarm_IRQHandler
                0x080005ac                EXTI2_IRQHandler
                0x080005ac                DebugMon_Handler
                0x080005ac                SPI4_IRQHandler
                0x080005ac                TIM1_CC_IRQHandler
                0x080005ac                DMA2_Stream5_IRQHandler
                0x080005ac                HardFault_Handler
                0x080005ac                DMA1_Stream5_IRQHandler
                0x080005ac                SysTick_Handler
                0x080005ac                PVD_IRQHandler
                0x080005ac                SDIO_IRQHandler
                0x080005ac                TAMP_STAMP_IRQHandler
                0x080005ac                PendSV_Handler
                0x080005ac                NMI_Handler
                0x080005ac                EXTI3_IRQHandler
                0x080005ac                TIM1_UP_TIM10_IRQHandler
                0x080005ac                I2C3_ER_IRQHandler
                0x080005ac                EXTI0_IRQHandler
                0x080005ac                I2C2_EV_IRQHandler
                0x080005ac                DMA1_Stream2_IRQHandler
                0x080005ac                FPU_IRQHandler
                0x080005ac                UsageFault_Handler
                0x080005ac                DMA2_Stream2_IRQHandler
                0x080005ac                SPI1_IRQHandler
                0x080005ac                TIM1_BRK_TIM9_IRQHandler
                0x080005ac                DMA2_Stream3_IRQHandler
                0x080005ac                USART6_IRQHandler
                0x080005ac                DMA2_Stream0_IRQHandler
                0x080005ac                TIM4_IRQHandler
                0x080005ac                I2C1_EV_IRQHandler
                0x080005ac                DMA1_Stream6_IRQHandler
                0x080005ac                DMA1_Stream1_IRQHandler
                0x080005ac                TIM3_IRQHandler
                0x080005ac                RCC_IRQHandler
                0x080005ac                Default_Handler
                0x080005ac                EXTI15_10_IRQHandler
                0x080005ac                ADC_IRQHandler
                0x080005ac                DMA1_Stream7_IRQHandler
                0x080005ac                SPI5_IRQHandler
                0x080005ac                TIM5_IRQHandler
                0x080005ac                DMA2_Stream7_IRQHandler
                0x080005ac                I2C3_EV_IRQHandler
                0x080005ac                EXTI9_5_IRQHandler
                0x080005ac                RTC_WKUP_IRQHandler
                0x080005ac                SPI2_IRQHandler
                0x080005ac                MemManage_Handler
                0x080005ac                DMA1_Stream0_IRQHandler
                0x080005ac                SVC_Handler
                0x080005ac                EXTI4_IRQHandler
                0x080005ac                WWDG_IRQHandler
                0x080005ac                TIM2_IRQHandler
                0x080005ac                OTG_FS_WKUP_IRQHandler
                0x080005ac                TIM1_TRG_COM_TIM11_IRQHandler
                0x080005ac                EXTI1_IRQHandler
                0x080005ac                USART2_IRQHandler
                0x080005ac                I2C2_ER_IRQHandler
                0x080005ac                DMA2_Stream1_IRQHandler
                0x080005ac                FLASH_IRQHandler
                0x080005ac                DMA2_Stream4_IRQHandler
                0x080005ac                BusFault_Handler
                0x080005ac                USART1_IRQHandler
                0x080005ac                OTG_FS_IRQHandler
                0x080005ac                SPI3_IRQHandler
                0x080005ac                DMA1_Stream4_IRQHandler
                0x080005ac                I2C1_ER_IRQHandler
                0x080005ac                DMA2_Stream6_IRQHandler
                0x080005ac                DMA1_Stream3_IRQHandler
 *(.glue_7)
 .glue_7        0x080005ae        0x0 linker stubs
 *(.glue_7t)
 .glue_7t       0x080005ae        0x0 linker stubs
 *(.eh_frame)
 *(.init)
 *(.fini)
                0x080005b0                        . = ALIGN (0x4)
 *fill*         0x080005ae        0x2 
                0x080005b0                        _etext = .

.vfp11_veneer   0x080005b0        0x0
 .vfp11_veneer  0x080005b0        0x0 linker stubs

.v4_bx          0x080005b0        0x0
 .v4_bx         0x080005b0        0x0 linker stubs

.iplt           0x080005b0        0x0
 .iplt          0x080005b0        0x0 CMakeFiles/yet_another_bms_firmware.elf.dir/src/main.c.obj

.rel.dyn        0x080005b0        0x0
 .rel.iplt      0x080005b0        0x0 CMakeFiles/yet_another_bms_firmware.elf.dir/src/main.c.obj

.rodata         0x080005b0        0x0
                0x080005b0                        . = ALIGN (0x4)
 *(.rodata)
 *(.rodata*)
                0x080005b0                        . = ALIGN (0x4)

.ARM.extab      0x080005b0        0x0
                0x080005b0                        . = ALIGN (0x4)
 *(.ARM.extab* .gnu.linkonce.armextab.*)
                0x080005b0                        . = ALIGN (0x4)

.ARM            0x080005b0        0x0
                0x080005b0                        . = ALIGN (0x4)
                0x080005b0                        __exidx_start = .
 *(.ARM.exidx*)
                0x080005b0                        __exidx_end = .
                0x080005b0                        . = ALIGN (0x4)

.preinit_array  0x080005b0        0x0
                0x080005b0                        . = ALIGN (0x4)
                0x080005b0                        PROVIDE (__preinit_array_start = .)
 *(.preinit_array*)
                0x080005b0                        PROVIDE (__preinit_array_end = .)
                0x080005b0                        . = ALIGN (0x4)

.init_array     0x080005b0        0x0
                0x080005b0                        . = ALIGN (0x4)
                0x080005b0                        PROVIDE (__init_array_start = .)
 *(SORT_BY_NAME(.init_array.*))
 *(.init_array*)
                0x080005b0                        PROVIDE (__init_array_end = .)
                0x080005b0                        . = ALIGN (0x4)

.fini_array     0x080005b0        0x0
                0x080005b0                        . = ALIGN (0x4)
                [!provide]                        PROVIDE (__fini_array_start = .)
 *(SORT_BY_NAME(.fini_array.*))
 *(.fini_array*)
                [!provide]                        PROVIDE (__fini_array_end = .)
                0x080005b0                        . = ALIGN (0x4)
                0x080005b0                        _sidata = LOADADDR (.data)

.data           0x20000000        0x4 load address 0x080005b0
                0x20000000                        . = ALIGN (0x4)
                0x20000000                        _sdata = .
 *(.data)
 *(.data*)
 .data.SystemCoreClock
                0x20000000        0x4 CMakeFiles/yet_another_bms_firmware.elf.dir/src/system_stm32f4xx.c.obj
                0x20000000                SystemCoreClock
 *(.RamFunc)
 *(.RamFunc*)
                0x20000004                        . = ALIGN (0x4)
                0x20000004                        _edata = .

.igot.plt       0x20000004        0x0 load address 0x080005b4
 .igot.plt      0x20000004        0x0 CMakeFiles/yet_another_bms_firmware.elf.dir/src/main.c.obj
                0x20000004                        . = ALIGN (0x4)

.bss            0x20000004        0x4 load address 0x080005b4
                0x20000004                        _sbss = .
                0x20000004                        __bss_start__ = _sbss
 *(.bss)
 *(.bss*)
 .bss.ms_ticks  0x20000004        0x4 CMakeFiles/yet_another_bms_firmware.elf.dir/src/main.c.obj
 *(COMMON)
                0x20000008                        . = ALIGN (0x4)
                0x20000008                        _ebss = .
                0x20000008                        __bss_end__ = _ebss

._user_heap_stack
                0x20000008      0x600 load address 0x080005b4
                0x20000008                        . = ALIGN (0x8)
                [!provide]                        PROVIDE (end = .)
                [!provide]                        PROVIDE (_end = .)
                0x20000208                        . = (. + _Min_Heap_Size)
 *fill*         0x20000008      0x200 
                0x20000608                        . = (. + _Min_Stack_Size)
 *fill*         0x20000208      0x400 
                0x20000608                        . = ALIGN (0x8)

/DISCARD/
 libc.a(*)
 libm.a(*)
 libgcc.a(*)

.ARM.attributes
                0x00000000       0x32
 *(.ARM.attributes)
 .ARM.attributes
                0x00000000       0x34 CMakeFiles/yet_another_bms_firmware.elf.dir/src/main.c.obj
 .ARM.attributes
                0x00000034       0x34 CMakeFiles/yet_another_bms_firmware.elf.dir/src/noinit.c.obj
 .ARM.attributes
                0x00000068       0x34 CMakeFiles/yet_another_bms_firmware.elf.dir/src/system_stm32f4xx.c.obj
 .ARM.attributes
                0x0000009c       0x21 CMakeFiles/yet_another_bms_firmware.elf.dir/lib/cmsis-f4/Source/Templates/gcc/startup_stm32f411xe.s.obj
OUTPUT(yet_another_bms_firmware.elf elf32-littlearm)
LOAD linker stubs
LOAD /usr/lib/gcc/arm-none-eabi/14.2.1/../../../arm-none-eabi/lib/thumb/v7e-m+fp/hard/libc.a
LOAD /usr/lib/gcc/arm-none-eabi/14.2.1/../../../arm-none-eabi/lib/thumb/v7e-m+fp/hard/libm.a
LOAD /usr/lib/gcc/arm-none-eabi/14.2.1/thumb/v7e-m+fp/hard/libgcc.a

.debug_info     0x00000000     0x11cf
 .debug_info    0x00000000      0xc3f CMakeFiles/yet_another_bms_firmware.elf.dir/src/main.c.obj
 .debug_info    0x00000c3f       0x47 CMakeFiles/yet_another_bms_firmware.elf.dir/src/noinit.c.obj
 .debug_info    0x00000c86      0x519 CMakeFiles/yet_another_bms_firmware.elf.dir/src/system_stm32f4xx.c.obj
 .debug_info    0x0000119f       0x30 CMakeFiles/yet_another_bms_firmware.elf.dir/lib/cmsis-f4/Source/Templates/gcc/startup_stm32f411xe.s.obj

.debug_abbrev   0x00000000      0x40f
 .debug_abbrev  0x00000000      0x2a3 CMakeFiles/yet_another_bms_firmware.elf.dir/src/main.c.obj
 .debug_abbrev  0x000002a3       0x2f CMakeFiles/yet_another_bms_firmware.elf.dir/src/noinit.c.obj
 .debug_abbrev  0x000002d2      0x119 CMakeFiles/yet_another_bms_firmware.elf.dir/src/system_stm32f4xx.c.obj
 .debug_abbrev  0x000003eb       0x24 CMakeFiles/yet_another_bms_firmware.elf.dir/lib/cmsis-f4/Source/Templates/gcc/startup_stm32f411xe.s.obj

.debug_aranges  0x00000000       0xe8
 .debug_aranges
                0x00000000       0x70 CMakeFiles/yet_another_bms_firmware.elf.dir/src/main.c.obj
 .debug_aranges
                0x00000070       0x28 CMakeFiles/yet_another_bms_firmware.elf.dir/src/noinit.c.obj
 .debug_aranges
                0x00000098       0x28 CMakeFiles/yet_another_bms_firmware.elf.dir/src/system_stm32f4xx.c.obj
 .debug_aranges
                0x000000c0       0x28 CMakeFiles/yet_another_bms_firmware.elf.dir/lib/cmsis-f4/Source/Templates/gcc/startup_stm32f411xe.s.obj

.debug_rnglists
                0x00000000       0x9b
 .debug_rnglists
                0x00000000       0x4f CMakeFiles/yet_another_bms_firmware.elf.dir/src/main.c.obj
 .debug_rnglists
                0x0000004f       0x19 CMakeFiles/yet_another_bms_firmware.elf.dir/src/noinit.c.obj
 .debug_rnglists
                0x00000068       0x1a CMakeFiles/yet_another_bms_firmware.elf.dir/src/system_stm32f4xx.c.obj
 .debug_rnglists
                0x00000082       0x19 CMakeFiles/yet_another_bms_firmware.elf.dir/lib/cmsis-f4/Source/Templates/gcc/startup_stm32f411xe.s.obj

.debug_line     0x00000000      0x7f4
 .debug_line    0x00000000      0x4aa CMakeFiles/yet_another_bms_firmware.elf.dir/src/main.c.obj
 .debug_line    0x000004aa       0x97 CMakeFiles/yet_another_bms_firmware.elf.dir/src/noinit.c.obj
 .debug_line    0x00000541      0x239 CMakeFiles/yet_another_bms_firmware.elf.dir/src/system_stm32f4xx.c.obj
 .debug_line    0x0000077a       0x7a CMakeFiles/yet_another_bms_firmware.elf.dir/lib/cmsis-f4/Source/Templates/gcc/startup_stm32f411xe.s.obj

.debug_str      0x00000000      0x9ef
 .debug_str     0x00000000      0x9ef CMakeFiles/yet_another_bms_firmware.elf.dir/src/main.c.obj
                                0x8b5 (size before relaxing)
 .debug_str     0x000009ef      0x166 CMakeFiles/yet_another_bms_firmware.elf.dir/src/noinit.c.obj
 .debug_str     0x000009ef      0x3c3 CMakeFiles/yet_another_bms_firmware.elf.dir/src/system_stm32f4xx.c.obj
 .debug_str     0x000009ef       0xe4 CMakeFiles/yet_another_bms_firmware.elf.dir/lib/cmsis-f4/Source/Templates/gcc/startup_stm32f411xe.s.obj

.comment        0x00000000       0x26
 .comment       0x00000000       0x26 CMakeFiles/yet_another_bms_firmware.elf.dir/src/main.c.obj
                                 0x27 (size before relaxing)
 .comment       0x00000026       0x27 CMakeFiles/yet_another_bms_firmware.elf.dir/src/noinit.c.obj
 .comment       0x00000026       0x27 CMakeFiles/yet_another_bms_firmware.elf.dir/src/system_stm32f4xx.c.obj

.debug_frame    0x00000000      0x258
 .debug_frame   0x00000000      0x1b0 CMakeFiles/yet_another_bms_firmware.elf.dir/src/main.c.obj
 .debug_frame   0x000001b0       0x50 CMakeFiles/yet_another_bms_firmware.elf.dir/src/noinit.c.obj
 .debug_frame   0x00000200       0x58 CMakeFiles/yet_another_bms_firmware.elf.dir/src/system_stm32f4xx.c.obj

.debug_line_str
                0x00000000       0xca
 .debug_line_str
                0x00000000       0xca CMakeFiles/yet_another_bms_firmware.elf.dir/lib/cmsis-f4/Source/Templates/gcc/startup_stm32f411xe.s.obj
